Running 0 tests in a single process (parallelization threshold is 50)
Run options: --seed 59123

# Running:



Finished in 0.000482s, 0.0000 runs/s, 0.0000 assertions/s.
0 runs, 0 assertions, 0 failures, 0 errors, 0 skips
